Educational_test28
Educational_test3
Educational_test20
Educational_test51
Educational_test25
Educational_test60
Educational_test1
Educational_test43
Educational_test47
Educational_test5
Educational_test9
Educational_test7
Educational_test8
Educational_test33
Educational_test53
Educational_test12
Educational_test14
Educational_test37
Educational_test16
Educational_test17
Educational_test23
Educational_test57
Educational_test58
Educational_test26
Educational_test54
Educational_test39
Educational_test48
Educational_test27
Educational_test32
Educational_test36
Educational_test55
Educational_test46
Educational_test11
Educational_test19
Educational_test49
Educational_test21
Educational_test41
Educational_test35
Educational_test15
Educational_test56
Educational_test31
Educational_test40
Educational_test44
Educational_test24
Educational_test50
Educational_test42
Educational_test13
Educational_test29
Educational_test22
Educational_test18
Educational_test4
Educational_test30
Educational_test34
Educational_test10
Educational_test59
Educational_test6
Educational_test52
Educational_test38
Educational_test2
Educational_test45
Journalism_test27
Journalism_test56
Journalism_test57
Journalism_test19
Journalism_test3
Journalism_test41
Journalism_test37
Journalism_test12
Journalism_test51
Journalism_test14
Journalism_test42
Journalism_test36
Journalism_test20
Journalism_test5
Journalism_test23
Journalism_test53
Journalism_test58
Journalism_test44
Journalism_test18
Journalism_test26
Journalism_test34
Journalism_test46
Journalism_test22
Journalism_test28
Journalism_test2
Journalism_test16
Journalism_test29
Journalism_test11
Journalism_test43
Journalism_test25
Journalism_test38
Journalism_test52
Journalism_test59
Journalism_test7
Journalism_test54
Journalism_test1
Journalism_test4
Journalism_test21
Journalism_test24
Journalism_test13
Journalism_test17
Journalism_test15
Journalism_test39
Journalism_test48
Journalism_test60
Journalism_test45
Journalism_test49
Journalism_test10
Journalism_test40
Journalism_test33
Journalism_test30
Journalism_test55
Journalism_test50
Journalism_test6
Journalism_test32
Journalism_test8
Journalism_test47
Journalism_test35
Journalism_test9
Journalism_test31
Literature_test8
Literature_test38
Literature_test52
Literature_test10
Literature_test59
Literature_test27
Literature_test37
Literature_test54
Literature_test18
Literature_test19
Literature_test7
Literature_test24
Literature_test5
Literature_test1
Literature_test26
Literature_test29
Literature_test60
Literature_test25
Literature_test22
Literature_test6
Literature_test57
Literature_test17
Literature_test28
Literature_test48
Literature_test3
Literature_test23
Literature_test11
Literature_test35
Literature_test12
Literature_test47
Literature_test16
Literature_test9
Literature_test42
Literature_test41
Literature_test14
Literature_test36
Literature_test49
Literature_test30
Literature_test44
Literature_test33
Literature_test15
Literature_test21
Literature_test58
Literature_test39
Literature_test34
Literature_test45
Literature_test2
Literature_test53
Literature_test55
Literature_test32
Literature_test46
Literature_test20
Literature_test13
Literature_test40
Literature_test31
Literature_test56
Literature_test43
Literature_test51
Literature_test4
Literature_test50
ScientificProse_test29
ScientificProse_test22
ScientificProse_test4
ScientificProse_test46
ScientificProse_test15
ScientificProse_test60
ScientificProse_test54
ScientificProse_test37
ScientificProse_test53
ScientificProse_test32
ScientificProse_test41
ScientificProse_test43
ScientificProse_test12
ScientificProse_test27
ScientificProse_test24
ScientificProse_test17
ScientificProse_test18
ScientificProse_test5
ScientificProse_test33
ScientificProse_test44
ScientificProse_test50
ScientificProse_test3
ScientificProse_test14
ScientificProse_test16
ScientificProse_test13
ScientificProse_test8
ScientificProse_test26
ScientificProse_test47
ScientificProse_test19
ScientificProse_test34
ScientificProse_test9
ScientificProse_test59
ScientificProse_test56
ScientificProse_test48
ScientificProse_test10
ScientificProse_test2
ScientificProse_test35
ScientificProse_test11
ScientificProse_test36
ScientificProse_test1
ScientificProse_test25
ScientificProse_test31
ScientificProse_test49
ScientificProse_test38
ScientificProse_test40
ScientificProse_test45
ScientificProse_test42
ScientificProse_test28
ScientificProse_test52
ScientificProse_test55
ScientificProse_test7
ScientificProse_test30
ScientificProse_test20
ScientificProse_test39
ScientificProse_test51
ScientificProse_test57
ScientificProse_test23
ScientificProse_test58
ScientificProse_test6
ScientificProse_test21
