Educational_train72
Educational_train59
Educational_train19
Educational_train49
Educational_train116
Educational_train87
Educational_train65
Educational_train91
Educational_train68
Educational_train123
Educational_train110
Educational_train58
Educational_train66
Educational_train128
Educational_train78
Educational_train31
Educational_train54
Educational_train113
Educational_train70
Educational_train115
Educational_train29
Educational_train11
Educational_train13
Educational_train133
Educational_train6
Educational_train94
Educational_train77
Educational_train39
Educational_train3
Educational_train17
Educational_train102
Educational_train131
Educational_train85
Educational_train121
Educational_train18
Educational_train50
Educational_train2
Educational_train111
Educational_train84
Educational_train135
Educational_train134
Educational_train112
Educational_train61
Educational_train124
Educational_train98
Educational_train51
Educational_train8
Educational_train33
Educational_train55
Educational_train73
Educational_train38
Educational_train106
Educational_train117
Educational_train10
Educational_train37
Educational_train20
Educational_train75
Educational_train103
Educational_train96
Educational_train53
Educational_train97
Educational_train80
Educational_train93
Educational_train108
Educational_train130
Educational_train22
Educational_train90
Educational_train122
Educational_train23
Educational_train32
Educational_train63
Educational_train127
Educational_train56
Educational_train30
Educational_train101
Educational_train105
Educational_train86
Educational_train5
Educational_train92
Educational_train129
Educational_train136
Educational_train67
Educational_train28
Educational_train81
Educational_train76
Educational_train132
Educational_train64
Educational_train26
Educational_train71
Educational_train126
Educational_train120
Educational_train35
Educational_train41
Educational_train40
Educational_train34
Educational_train46
Educational_train60
Educational_train36
Educational_train16
Educational_train52
Educational_train79
Educational_train12
Educational_train119
Educational_train21
Educational_train74
Educational_train107
Educational_train62
Educational_train27
Educational_train9
Educational_train47
Educational_train25
Educational_train14
Educational_train89
Educational_train82
Educational_train45
Educational_train88
Educational_train69
Educational_train118
Educational_train57
Educational_train100
Educational_train43
Educational_train95
Educational_train7
Educational_train109
Educational_train4
Educational_train114
Educational_train104
Educational_train44
Educational_train48
Educational_train83
Educational_train1
Educational_train99
Educational_train15
Educational_train24
Educational_train125
Educational_train42
Journalism_train144
Journalism_train283
Journalism_train39
Journalism_train574
Journalism_train405
Journalism_train17
Journalism_train561
Journalism_train579
Journalism_train370
Journalism_train122
Journalism_train274
Journalism_train25
Journalism_train368
Journalism_train372
Journalism_train396
Journalism_train549
Journalism_train5
Journalism_train328
Journalism_train381
Journalism_train30
Journalism_train440
Journalism_train412
Journalism_train575
Journalism_train573
Journalism_train389
Journalism_train343
Journalism_train478
Journalism_train112
Journalism_train4
Journalism_train105
Journalism_train341
Journalism_train361
Journalism_train318
Journalism_train420
Journalism_train358
Journalism_train465
Journalism_train130
Journalism_train107
Journalism_train553
Journalism_train447
Journalism_train114
Journalism_train14
Journalism_train34
Journalism_train57
Journalism_train462
Journalism_train31
Journalism_train437
Journalism_train338
Journalism_train203
Journalism_train147
Journalism_train562
Journalism_train445
Journalism_train231
Journalism_train158
Journalism_train21
Journalism_train454
Journalism_train162
Journalism_train269
Journalism_train1
Journalism_train273
Journalism_train265
Journalism_train433
Journalism_train157
Journalism_train103
Journalism_train82
Journalism_train68
Journalism_train207
Journalism_train471
Journalism_train337
Journalism_train545
Journalism_train455
Journalism_train284
Journalism_train470
Journalism_train438
Journalism_train176
Journalism_train464
Journalism_train131
Journalism_train332
Journalism_train221
Journalism_train36
Journalism_train378
Journalism_train133
Journalism_train550
Journalism_train416
Journalism_train326
Journalism_train423
Journalism_train541
Journalism_train461
Journalism_train132
Journalism_train495
Journalism_train54
Journalism_train253
Journalism_train350
Journalism_train73
Journalism_train213
Journalism_train88
Journalism_train425
Journalism_train384
Journalism_train430
Journalism_train180
Journalism_train473
Journalism_train225
Journalism_train52
Journalism_train166
Journalism_train244
Journalism_train536
Journalism_train519
Journalism_train70
Journalism_train126
Journalism_train308
Journalism_train371
Journalism_train219
Journalism_train355
Journalism_train235
Journalism_train512
Journalism_train26
Journalism_train406
Journalism_train2
Journalism_train452
Journalism_train272
Journalism_train450
Journalism_train520
Journalism_train246
Journalism_train403
Journalism_train142
Journalism_train340
Journalism_train282
Journalism_train288
Journalism_train496
Journalism_train301
Journalism_train557
Journalism_train49
Journalism_train567
Journalism_train357
Journalism_train186
Journalism_train260
Journalism_train539
Journalism_train576
Journalism_train530
Journalism_train356
Journalism_train252
Journalism_train417
Journalism_train546
Journalism_train538
Journalism_train429
Journalism_train505
Journalism_train367
Journalism_train535
Journalism_train388
Journalism_train43
Journalism_train307
Journalism_train469
Journalism_train251
Journalism_train212
Journalism_train101
Journalism_train140
Journalism_train83
Journalism_train181
Journalism_train276
Journalism_train120
Journalism_train299
Journalism_train453
Journalism_train324
Journalism_train460
Journalism_train467
Journalism_train90
Journalism_train559
Journalism_train210
Journalism_train434
Journalism_train281
Journalism_train327
Journalism_train446
Journalism_train509
Journalism_train410
Journalism_train129
Journalism_train53
Journalism_train29
Journalism_train111
Journalism_train400
Journalism_train238
Journalism_train169
Journalism_train339
Journalism_train297
Journalism_train490
Journalism_train201
Journalism_train468
Journalism_train11
Journalism_train100
Journalism_train194
Journalism_train178
Journalism_train125
Journalism_train267
Journalism_train309
Journalism_train193
Journalism_train362
Journalism_train123
Journalism_train27
Journalism_train141
Journalism_train387
Journalism_train38
Journalism_train331
Journalism_train315
Journalism_train261
Journalism_train220
Journalism_train76
Journalism_train457
Journalism_train463
Journalism_train363
Journalism_train533
Journalism_train139
Journalism_train33
Journalism_train392
Journalism_train302
Journalism_train58
Journalism_train365
Journalism_train108
Journalism_train228
Journalism_train189
Journalism_train60
Journalism_train479
Journalism_train476
Journalism_train275
Journalism_train110
Journalism_train174
Journalism_train426
Journalism_train94
Journalism_train344
Journalism_train236
Journalism_train391
Journalism_train160
Journalism_train375
Journalism_train347
Journalism_train316
Journalism_train513
Journalism_train542
Journalism_train41
Journalism_train507
Journalism_train349
Journalism_train348
Journalism_train525
Journalism_train85
Journalism_train165
Journalism_train191
Journalism_train277
Journalism_train240
Journalism_train245
Journalism_train442
Journalism_train345
Journalism_train298
Journalism_train98
Journalism_train109
Journalism_train401
Journalism_train451
Journalism_train146
Journalism_train183
Journalism_train489
Journalism_train563
Journalism_train268
Journalism_train102
Journalism_train578
Journalism_train477
Journalism_train376
Journalism_train435
Journalism_train543
Journalism_train173
Journalism_train547
Journalism_train10
Journalism_train179
Journalism_train177
Journalism_train571
Journalism_train223
Journalism_train493
Journalism_train3
Journalism_train200
Journalism_train352
Journalism_train74
Journalism_train37
Journalism_train24
Journalism_train500
Journalism_train259
Journalism_train80
Journalism_train209
Journalism_train95
Journalism_train104
Journalism_train159
Journalism_train164
Journalism_train45
Journalism_train436
Journalism_train214
Journalism_train320
Journalism_train55
Journalism_train521
Journalism_train566
Journalism_train346
Journalism_train508
Journalism_train84
Journalism_train40
Journalism_train232
Journalism_train491
Journalism_train224
Journalism_train383
Journalism_train303
Journalism_train305
Journalism_train143
Journalism_train554
Journalism_train118
Journalism_train47
Journalism_train208
Journalism_train291
Journalism_train494
Journalism_train458
Journalism_train93
Journalism_train319
Journalism_train439
Journalism_train150
Journalism_train373
Journalism_train568
Journalism_train91
Journalism_train78
Journalism_train97
Journalism_train128
Journalism_train28
Journalism_train322
Journalism_train249
Journalism_train92
Journalism_train353
Journalism_train230
Journalism_train137
Journalism_train351
Journalism_train498
Journalism_train411
Journalism_train285
Journalism_train516
Journalism_train66
Journalism_train480
Journalism_train292
Journalism_train312
Journalism_train184
Journalism_train188
Journalism_train264
Journalism_train526
Journalism_train515
Journalism_train127
Journalism_train431
Journalism_train187
Journalism_train145
Journalism_train96
Journalism_train202
Journalism_train89
Journalism_train354
Journalism_train418
Journalism_train241
Journalism_train459
Journalism_train330
Journalism_train170
Journalism_train532
Journalism_train503
Journalism_train531
Journalism_train67
Journalism_train296
Journalism_train51
Journalism_train279
Journalism_train226
Journalism_train113
Journalism_train364
Journalism_train448
Journalism_train382
Journalism_train75
Journalism_train294
Journalism_train243
Journalism_train32
Journalism_train215
Journalism_train46
Journalism_train256
Journalism_train551
Journalism_train415
Journalism_train504
Journalism_train151
Journalism_train408
Journalism_train7
Journalism_train155
Journalism_train537
Journalism_train59
Journalism_train398
Journalism_train486
Journalism_train229
Journalism_train501
Journalism_train287
Journalism_train488
Journalism_train524
Journalism_train444
Journalism_train472
Journalism_train564
Journalism_train487
Journalism_train360
Journalism_train42
Journalism_train271
Journalism_train565
Journalism_train484
Journalism_train466
Journalism_train9
Journalism_train428
Journalism_train529
Journalism_train116
Journalism_train62
Journalism_train540
Journalism_train6
Journalism_train163
Journalism_train325
Journalism_train421
Journalism_train22
Journalism_train233
Journalism_train149
Journalism_train570
Journalism_train222
Journalism_train138
Journalism_train258
Journalism_train270
Journalism_train390
Journalism_train522
Journalism_train247
Journalism_train577
Journalism_train278
Journalism_train204
Journalism_train257
Journalism_train569
Journalism_train185
Journalism_train310
Journalism_train555
Journalism_train196
Journalism_train13
Journalism_train395
Journalism_train48
Journalism_train239
Journalism_train99
Journalism_train254
Journalism_train161
Journalism_train511
Journalism_train197
Journalism_train419
Journalism_train290
Journalism_train497
Journalism_train136
Journalism_train409
Journalism_train432
Journalism_train334
Journalism_train286
Journalism_train23
Journalism_train117
Journalism_train167
Journalism_train56
Journalism_train119
Journalism_train523
Journalism_train485
Journalism_train510
Journalism_train560
Journalism_train321
Journalism_train369
Journalism_train61
Journalism_train481
Journalism_train64
Journalism_train534
Journalism_train304
Journalism_train206
Journalism_train248
Journalism_train414
Journalism_train35
Journalism_train153
Journalism_train77
Journalism_train517
Journalism_train394
Journalism_train216
Journalism_train71
Journalism_train502
Journalism_train115
Journalism_train407
Journalism_train135
Journalism_train335
Journalism_train199
Journalism_train218
Journalism_train63
Journalism_train556
Journalism_train8
Journalism_train336
Journalism_train250
Journalism_train156
Journalism_train15
Journalism_train399
Journalism_train154
Journalism_train424
Journalism_train514
Journalism_train323
Journalism_train374
Journalism_train79
Journalism_train171
Journalism_train506
Journalism_train359
Journalism_train172
Journalism_train20
Journalism_train441
Journalism_train168
Journalism_train148
Journalism_train413
Journalism_train192
Journalism_train456
Journalism_train333
Journalism_train366
Journalism_train474
Journalism_train81
Journalism_train572
Journalism_train295
Journalism_train65
Journalism_train518
Journalism_train87
Journalism_train317
Journalism_train152
Journalism_train134
Journalism_train237
Journalism_train548
Journalism_train342
Journalism_train385
Journalism_train263
Journalism_train205
Journalism_train402
Journalism_train217
Journalism_train50
Journalism_train397
Journalism_train311
Journalism_train12
Journalism_train552
Journalism_train16
Journalism_train124
Journalism_train44
Journalism_train300
Journalism_train404
Journalism_train306
Journalism_train482
Journalism_train242
Journalism_train377
Journalism_train211
Journalism_train427
Journalism_train106
Journalism_train329
Journalism_train182
Journalism_train422
Journalism_train190
Journalism_train380
Journalism_train314
Journalism_train544
Journalism_train499
Journalism_train262
Journalism_train293
Journalism_train386
Journalism_train483
Journalism_train527
Journalism_train558
Journalism_train19
Journalism_train528
Journalism_train121
Journalism_train475
Journalism_train393
Journalism_train266
Journalism_train449
Journalism_train69
Journalism_train492
Journalism_train18
Journalism_train195
Journalism_train234
Journalism_train313
Journalism_train227
Journalism_train443
Journalism_train255
Journalism_train379
Journalism_train198
Journalism_train72
Journalism_train175
Journalism_train86
Journalism_train280
Journalism_train289
Literature_train357
Literature_train37
Literature_train214
Literature_train8
Literature_train307
Literature_train367
Literature_train140
Literature_train160
Literature_train324
Literature_train13
Literature_train157
Literature_train285
Literature_train270
Literature_train360
Literature_train359
Literature_train215
Literature_train89
Literature_train349
Literature_train294
Literature_train278
Literature_train38
Literature_train284
Literature_train276
Literature_train330
Literature_train256
Literature_train203
Literature_train197
Literature_train43
Literature_train216
Literature_train182
Literature_train301
Literature_train187
Literature_train72
Literature_train262
Literature_train60
Literature_train167
Literature_train131
Literature_train272
Literature_train78
Literature_train176
Literature_train196
Literature_train329
Literature_train263
Literature_train296
Literature_train174
Literature_train36
Literature_train109
Literature_train88
Literature_train288
Literature_train303
Literature_train58
Literature_train244
Literature_train118
Literature_train2
Literature_train145
Literature_train240
Literature_train297
Literature_train312
Literature_train26
Literature_train222
Literature_train79
Literature_train77
Literature_train186
Literature_train227
Literature_train320
Literature_train91
Literature_train287
Literature_train212
Literature_train273
Literature_train213
Literature_train63
Literature_train283
Literature_train211
Literature_train23
Literature_train82
Literature_train75
Literature_train177
Literature_train172
Literature_train322
Literature_train231
Literature_train277
Literature_train189
Literature_train192
Literature_train144
Literature_train364
Literature_train348
Literature_train233
Literature_train127
Literature_train304
Literature_train143
Literature_train275
Literature_train249
Literature_train195
Literature_train205
Literature_train148
Literature_train358
Literature_train76
Literature_train56
Literature_train17
Literature_train325
Literature_train271
Literature_train175
Literature_train16
Literature_train66
Literature_train40
Literature_train350
Literature_train102
Literature_train346
Literature_train48
Literature_train217
Literature_train125
Literature_train309
Literature_train280
Literature_train243
Literature_train129
Literature_train9
Literature_train258
Literature_train166
Literature_train362
Literature_train4
Literature_train152
Literature_train93
Literature_train253
Literature_train61
Literature_train339
Literature_train340
Literature_train28
Literature_train42
Literature_train252
Literature_train134
Literature_train183
Literature_train94
Literature_train224
Literature_train210
Literature_train85
Literature_train181
Literature_train81
Literature_train264
Literature_train22
Literature_train49
Literature_train41
Literature_train204
Literature_train6
Literature_train67
Literature_train257
Literature_train310
Literature_train235
Literature_train20
Literature_train73
Literature_train99
Literature_train83
Literature_train161
Literature_train165
Literature_train225
Literature_train293
Literature_train363
Literature_train334
Literature_train333
Literature_train117
Literature_train321
Literature_train206
Literature_train65
Literature_train164
Literature_train318
Literature_train266
Literature_train238
Literature_train198
Literature_train323
Literature_train124
Literature_train342
Literature_train163
Literature_train269
Literature_train245
Literature_train47
Literature_train159
Literature_train120
Literature_train306
Literature_train21
Literature_train51
Literature_train344
Literature_train113
Literature_train366
Literature_train71
Literature_train44
Literature_train39
Literature_train132
Literature_train31
Literature_train336
Literature_train274
Literature_train361
Literature_train298
Literature_train103
Literature_train105
Literature_train184
Literature_train110
Literature_train338
Literature_train128
Literature_train87
Literature_train179
Literature_train180
Literature_train239
Literature_train150
Literature_train190
Literature_train255
Literature_train265
Literature_train300
Literature_train69
Literature_train90
Literature_train201
Literature_train50
Literature_train194
Literature_train86
Literature_train5
Literature_train251
Literature_train1
Literature_train168
Literature_train221
Literature_train290
Literature_train154
Literature_train327
Literature_train68
Literature_train156
Literature_train107
Literature_train341
Literature_train259
Literature_train317
Literature_train147
Literature_train313
Literature_train34
Literature_train136
Literature_train305
Literature_train354
Literature_train207
Literature_train98
Literature_train80
Literature_train30
Literature_train302
Literature_train106
Literature_train337
Literature_train52
Literature_train46
Literature_train250
Literature_train200
Literature_train155
Literature_train319
Literature_train220
Literature_train122
Literature_train123
Literature_train139
Literature_train282
Literature_train171
Literature_train335
Literature_train242
Literature_train121
Literature_train29
Literature_train314
Literature_train19
Literature_train126
Literature_train232
Literature_train138
Literature_train191
Literature_train326
Literature_train247
Literature_train74
Literature_train202
Literature_train25
Literature_train295
Literature_train146
Literature_train268
Literature_train45
Literature_train248
Literature_train332
Literature_train351
Literature_train55
Literature_train84
Literature_train32
Literature_train178
Literature_train237
Literature_train291
Literature_train345
Literature_train226
Literature_train219
Literature_train111
Literature_train236
Literature_train228
Literature_train153
Literature_train188
Literature_train223
Literature_train343
Literature_train142
Literature_train116
Literature_train279
Literature_train199
Literature_train170
Literature_train158
Literature_train347
Literature_train114
Literature_train365
Literature_train96
Literature_train108
Literature_train286
Literature_train316
Literature_train92
Literature_train11
Literature_train97
Literature_train149
Literature_train24
Literature_train261
Literature_train331
Literature_train101
Literature_train119
Literature_train254
Literature_train162
Literature_train104
Literature_train260
Literature_train64
Literature_train356
Literature_train315
Literature_train7
Literature_train133
Literature_train299
Literature_train267
Literature_train59
Literature_train70
Literature_train135
Literature_train289
Literature_train137
Literature_train292
Literature_train234
Literature_train241
Literature_train12
Literature_train208
Literature_train53
Literature_train115
Literature_train355
Literature_train62
Literature_train246
Literature_train311
Literature_train18
Literature_train3
Literature_train33
Literature_train281
Literature_train169
Literature_train193
Literature_train328
Literature_train141
Literature_train173
Literature_train209
Literature_train27
Literature_train100
Literature_train130
Literature_train35
Literature_train151
Literature_train10
Literature_train54
Literature_train308
Literature_train57
Literature_train15
Literature_train218
Literature_train352
Literature_train112
Literature_train185
Literature_train95
Literature_train14
Literature_train353
ScientificProse_train269
ScientificProse_train122
ScientificProse_train70
ScientificProse_train237
ScientificProse_train217
ScientificProse_train309
ScientificProse_train47
ScientificProse_train264
ScientificProse_train156
ScientificProse_train210
ScientificProse_train231
ScientificProse_train59
ScientificProse_train255
ScientificProse_train53
ScientificProse_train145
ScientificProse_train29
ScientificProse_train220
ScientificProse_train168
ScientificProse_train317
ScientificProse_train279
ScientificProse_train9
ScientificProse_train4
ScientificProse_train113
ScientificProse_train39
ScientificProse_train40
ScientificProse_train41
ScientificProse_train118
ScientificProse_train293
ScientificProse_train182
ScientificProse_train222
ScientificProse_train286
ScientificProse_train192
ScientificProse_train209
ScientificProse_train65
ScientificProse_train86
ScientificProse_train227
ScientificProse_train163
ScientificProse_train301
ScientificProse_train242
ScientificProse_train134
ScientificProse_train207
ScientificProse_train248
ScientificProse_train50
ScientificProse_train35
ScientificProse_train274
ScientificProse_train270
ScientificProse_train278
ScientificProse_train294
ScientificProse_train276
ScientificProse_train93
ScientificProse_train27
ScientificProse_train164
ScientificProse_train199
ScientificProse_train74
ScientificProse_train102
ScientificProse_train219
ScientificProse_train213
ScientificProse_train36
ScientificProse_train90
ScientificProse_train196
ScientificProse_train16
ScientificProse_train214
ScientificProse_train185
ScientificProse_train109
ScientificProse_train62
ScientificProse_train181
ScientificProse_train241
ScientificProse_train135
ScientificProse_train254
ScientificProse_train157
ScientificProse_train275
ScientificProse_train49
ScientificProse_train103
ScientificProse_train313
ScientificProse_train262
ScientificProse_train23
ScientificProse_train45
ScientificProse_train174
ScientificProse_train95
ScientificProse_train46
ScientificProse_train173
ScientificProse_train21
ScientificProse_train166
ScientificProse_train32
ScientificProse_train64
ScientificProse_train215
ScientificProse_train88
ScientificProse_train311
ScientificProse_train229
ScientificProse_train73
ScientificProse_train306
ScientificProse_train11
ScientificProse_train150
ScientificProse_train287
ScientificProse_train117
ScientificProse_train195
ScientificProse_train6
ScientificProse_train179
ScientificProse_train19
ScientificProse_train98
ScientificProse_train42
ScientificProse_train92
ScientificProse_train20
ScientificProse_train154
ScientificProse_train97
ScientificProse_train69
ScientificProse_train161
ScientificProse_train143
ScientificProse_train252
ScientificProse_train297
ScientificProse_train285
ScientificProse_train249
ScientificProse_train123
ScientificProse_train193
ScientificProse_train155
ScientificProse_train295
ScientificProse_train159
ScientificProse_train315
ScientificProse_train171
ScientificProse_train107
ScientificProse_train308
ScientificProse_train224
ScientificProse_train130
ScientificProse_train100
ScientificProse_train292
ScientificProse_train307
ScientificProse_train136
ScientificProse_train1
ScientificProse_train80
ScientificProse_train303
ScientificProse_train85
ScientificProse_train259
ScientificProse_train24
ScientificProse_train119
ScientificProse_train183
ScientificProse_train189
ScientificProse_train54
ScientificProse_train247
ScientificProse_train3
ScientificProse_train310
ScientificProse_train253
ScientificProse_train71
ScientificProse_train63
ScientificProse_train314
ScientificProse_train67
ScientificProse_train120
ScientificProse_train200
ScientificProse_train277
ScientificProse_train66
ScientificProse_train251
ScientificProse_train305
ScientificProse_train162
ScientificProse_train99
ScientificProse_train226
ScientificProse_train152
ScientificProse_train37
ScientificProse_train108
ScientificProse_train34
ScientificProse_train218
ScientificProse_train245
ScientificProse_train208
ScientificProse_train180
ScientificProse_train112
ScientificProse_train194
ScientificProse_train77
ScientificProse_train267
ScientificProse_train13
ScientificProse_train296
ScientificProse_train298
ScientificProse_train127
ScientificProse_train72
ScientificProse_train232
ScientificProse_train230
ScientificProse_train56
ScientificProse_train76
ScientificProse_train128
ScientificProse_train148
ScientificProse_train132
ScientificProse_train10
ScientificProse_train142
ScientificProse_train18
ScientificProse_train225
ScientificProse_train187
ScientificProse_train149
ScientificProse_train110
ScientificProse_train235
ScientificProse_train89
ScientificProse_train167
ScientificProse_train221
ScientificProse_train256
ScientificProse_train201
ScientificProse_train257
ScientificProse_train138
ScientificProse_train233
ScientificProse_train265
ScientificProse_train33
ScientificProse_train268
ScientificProse_train198
ScientificProse_train2
ScientificProse_train178
ScientificProse_train239
ScientificProse_train290
ScientificProse_train38
ScientificProse_train288
ScientificProse_train243
ScientificProse_train240
ScientificProse_train176
ScientificProse_train81
ScientificProse_train272
ScientificProse_train160
ScientificProse_train75
ScientificProse_train304
ScientificProse_train124
ScientificProse_train68
ScientificProse_train15
ScientificProse_train266
ScientificProse_train223
ScientificProse_train137
ScientificProse_train282
ScientificProse_train139
ScientificProse_train184
ScientificProse_train121
ScientificProse_train30
ScientificProse_train87
ScientificProse_train140
ScientificProse_train283
ScientificProse_train206
ScientificProse_train153
ScientificProse_train111
ScientificProse_train141
ScientificProse_train43
ScientificProse_train83
ScientificProse_train250
ScientificProse_train151
ScientificProse_train48
ScientificProse_train82
ScientificProse_train115
ScientificProse_train271
ScientificProse_train14
ScientificProse_train299
ScientificProse_train244
ScientificProse_train228
ScientificProse_train234
ScientificProse_train258
ScientificProse_train202
ScientificProse_train316
ScientificProse_train205
ScientificProse_train175
ScientificProse_train133
ScientificProse_train236
ScientificProse_train280
ScientificProse_train284
ScientificProse_train188
ScientificProse_train165
ScientificProse_train146
ScientificProse_train131
ScientificProse_train55
ScientificProse_train114
ScientificProse_train273
ScientificProse_train51
ScientificProse_train7
ScientificProse_train144
ScientificProse_train58
ScientificProse_train238
ScientificProse_train5
ScientificProse_train104
ScientificProse_train190
ScientificProse_train281
ScientificProse_train261
ScientificProse_train204
ScientificProse_train211
ScientificProse_train169
ScientificProse_train291
ScientificProse_train79
ScientificProse_train105
ScientificProse_train172
ScientificProse_train203
ScientificProse_train147
ScientificProse_train101
ScientificProse_train129
ScientificProse_train216
ScientificProse_train260
ScientificProse_train158
ScientificProse_train246
ScientificProse_train91
ScientificProse_train212
ScientificProse_train177
ScientificProse_train26
ScientificProse_train61
ScientificProse_train17
ScientificProse_train94
ScientificProse_train302
ScientificProse_train25
ScientificProse_train57
ScientificProse_train126
ScientificProse_train125
ScientificProse_train170
ScientificProse_train22
ScientificProse_train44
ScientificProse_train289
ScientificProse_train197
ScientificProse_train191
ScientificProse_train84
ScientificProse_train28
ScientificProse_train78
ScientificProse_train12
ScientificProse_train300
ScientificProse_train312
ScientificProse_train31
ScientificProse_train96
ScientificProse_train116
ScientificProse_train8
ScientificProse_train263
ScientificProse_train60
ScientificProse_train106
ScientificProse_train52
ScientificProse_train186
